// Jest Snapshot v1, https://goo.gl/fbAQLP

exports[`App tests Snapshot warches renders 1`] = `
ShallowWrapper {
  Symbol(enzyme.__root__): [Circular],
  Symbol(enzyme.__unrendered__): <App />,
  Symbol(enzyme.__renderer__): Object {
    "batchedUpdates": [Function],
    "getNode": [Function],
    "render": [Function],
    "simulateError": [Function],
    "simulateEvent": [Function],
    "unmount": [Function],
  },
  Symbol(enzyme.__node__): Object {
    "instance": null,
    "key": undefined,
    "nodeType": "host",
    "props": Object {
      "children": Array [
        <div
          className="row"
        >
          <Header />
        </div>,
        <div
          className="app row"
        >
          <Order
            orders={Array []}
            removeFromOrders={[Function]}
          />
          <Inventory
            addToOrder={[Function]}
            books={Array []}
            removeFromOrder={[Function]}
          />
          <AdminPanel
            addBook={[Function]}
            books={Array []}
          />
        </div>,
      ],
      "className": " container",
    },
    "ref": null,
    "rendered": Array [
      Object {
        "instance": null,
        "key": undefined,
        "nodeType": "host",
        "props": Object {
          "children": <Header />,
          "className": "row",
        },
        "ref": null,
        "rendered": Object {
          "instance": null,
          "key": undefined,
          "nodeType": "class",
          "props": Object {},
          "ref": null,
          "rendered": null,
          "type": [Function],
        },
        "type": "div",
      },
      Object {
        "instance": null,
        "key": undefined,
        "nodeType": "host",
        "props": Object {
          "children": Array [
            <Order
              orders={Array []}
              removeFromOrders={[Function]}
            />,
            <Inventory
              addToOrder={[Function]}
              books={Array []}
              removeFromOrder={[Function]}
            />,
            <AdminPanel
              addBook={[Function]}
              books={Array []}
            />,
          ],
          "className": "app row",
        },
        "ref": null,
        "rendered": Array [
          Object {
            "instance": null,
            "key": undefined,
            "nodeType": "class",
            "props": Object {
              "orders": Array [],
              "removeFromOrders": [Function],
            },
            "ref": null,
            "rendered": null,
            "type": [Function],
          },
          Object {
            "instance": null,
            "key": undefined,
            "nodeType": "class",
            "props": Object {
              "addToOrder": [Function],
              "books": Array [],
              "removeFromOrder": [Function],
            },
            "ref": null,
            "rendered": null,
            "type": [Function],
          },
          Object {
            "instance": null,
            "key": undefined,
            "nodeType": "class",
            "props": Object {
              "addBook": [Function],
              "books": Array [],
            },
            "ref": null,
            "rendered": null,
            "type": [Function],
          },
        ],
        "type": "div",
      },
    ],
    "type": "div",
  },
  Symbol(enzyme.__nodes__): Array [
    Object {
      "instance": null,
      "key": undefined,
      "nodeType": "host",
      "props": Object {
        "children": Array [
          <div
            className="row"
          >
            <Header />
          </div>,
          <div
            className="app row"
          >
            <Order
              orders={Array []}
              removeFromOrders={[Function]}
            />
            <Inventory
              addToOrder={[Function]}
              books={Array []}
              removeFromOrder={[Function]}
            />
            <AdminPanel
              addBook={[Function]}
              books={Array []}
            />
          </div>,
        ],
        "className": " container",
      },
      "ref": null,
      "rendered": Array [
        Object {
          "instance": null,
          "key": undefined,
          "nodeType": "host",
          "props": Object {
            "children": <Header />,
            "className": "row",
          },
          "ref": null,
          "rendered": Object {
            "instance": null,
            "key": undefined,
            "nodeType": "class",
            "props": Object {},
            "ref": null,
            "rendered": null,
            "type": [Function],
          },
          "type": "div",
        },
        Object {
          "instance": null,
          "key": undefined,
          "nodeType": "host",
          "props": Object {
            "children": Array [
              <Order
                orders={Array []}
                removeFromOrders={[Function]}
              />,
              <Inventory
                addToOrder={[Function]}
                books={Array []}
                removeFromOrder={[Function]}
              />,
              <AdminPanel
                addBook={[Function]}
                books={Array []}
              />,
            ],
            "className": "app row",
          },
          "ref": null,
          "rendered": Array [
            Object {
              "instance": null,
              "key": undefined,
              "nodeType": "class",
              "props": Object {
                "orders": Array [],
                "removeFromOrders": [Function],
              },
              "ref": null,
              "rendered": null,
              "type": [Function],
            },
            Object {
              "instance": null,
              "key": undefined,
              "nodeType": "class",
              "props": Object {
                "addToOrder": [Function],
                "books": Array [],
                "removeFromOrder": [Function],
              },
              "ref": null,
              "rendered": null,
              "type": [Function],
            },
            Object {
              "instance": null,
              "key": undefined,
              "nodeType": "class",
              "props": Object {
                "addBook": [Function],
                "books": Array [],
              },
              "ref": null,
              "rendered": null,
              "type": [Function],
            },
          ],
          "type": "div",
        },
      ],
      "type": "div",
    },
  ],
  Symbol(enzyme.__options__): Object {
    "adapter": ReactSixteenAdapter {
      "options": Object {
        "enableComponentDidUpdateOnSetState": true,
        "lifecycles": Object {
          "componentDidUpdate": Object {
            "onSetState": true,
          },
          "getDerivedStateFromProps": true,
          "getSnapshotBeforeUpdate": true,
          "setState": Object {
            "skipsComponentDidUpdateOnNullish": true,
          },
        },
      },
    },
  },
}
`;
